AEGNTIC AI FOUNDATION - WEBSITE TEST REPORT
==================================================

Overall Score: 100.0%
Total Tests: 45
Passed: 45
Failed: 0

File Structure:
  Passed: 11
  Failed: 0
  Score: 100.0%

HTML Validation:
  Passed: 6
  Failed: 0
  Score: 100.0%

JavaScript Tests:
  Passed: 11
  Failed: 0
  Score: 100.0%

CSS Validation:
  Passed: 8
  Failed: 0
  Score: 100.0%

Build Process:
  Passed: 9
  Failed: 0
  Score: 100.0%

Generated on: 12/22/2025, 4:44:34 AM
